Git example
-----------

lex@alex-kylin-devx:/opt/devx$ scclone https://bitbucket.org/alextk/public_git_test
Cloning into '/media/ssd/devx/git/bitbucket.org/alextk/public_git_test'...
warning: You appear to have cloned an empty repository.
alex@alex-kylin-devx:/opt/devx$ pushd /media/ssd/devx/git/bitbucket.org/alextk/public_git_test
/media/ssd/devx/git/bitbucket.org/alextk/public_git_test /opt/devx ~
alex@alex-kylin-devx:/media/ssd/devx/git/bitbucket.org/alextk/public_git_test$ git status
On branch master

Initial commit

nothing to commit (create/copy files and use "git add" to track)
alex@alex-kylin-devx:/media/ssd/devx/git/bitbucket.org/alextk/public_git_test$ gedit one_file.text
alex@alex-kylin-devx:/media/ssd/devx/git/bitbucket.org/alextk/public_git_test$ git status
On branch master

Initial commit

Untracked files:
  (use "git add <file>..." to include in what will be committed)

	one_file.text

nothing added to commit but untracked files present (use "git add" to track)
alex@alex-kylin-devx:/media/ssd/devx/git/bitbucket.org/alextk/public_git_test$ git commit -a -m "feat: one file"
On branch master

Initial commit

Untracked files:
	one_file.text

nothing added to commit but untracked files present
alex@alex-kylin-devx:/media/ssd/devx/git/bitbucket.org/alextk/public_git_test$ git add .
alex@alex-kylin-devx:/media/ssd/devx/git/bitbucket.org/alextk/public_git_test$ git commit -a -m "feat: one file"
[master (root-commit) 65cdafb] feat: one file
 1 file changed, 1 insertion(+)
 create mode 100644 one_file.text
alex@alex-kylin-devx:/media/ssd/devx/git/bitbucket.org/alextk/public_git_test$ git status
On branch master
Your branch is based on 'origin/master', but the upstream is gone.
  (use "git branch --unset-upstream" to fixup)
nothing to commit, working directory clean
alex@alex-kylin-devx:/media/ssd/devx/git/bitbucket.org/alextk/public_git_test$ git push
Counting objects: 3, done.
Writing objects: 100% (3/3), 239 bytes | 0 bytes/s, done.
Total 3 (delta 0), reused 0 (delta 0)
To https://bitbucket.org/alextk/public_git_test
 * [new branch]      master -> master
alex@alex-kylin-devx:/media/ssd/devx/git/bitbucket.org/alextk/public_git_test$ git pull
remote: Counting objects: 2, done.
remote: Total 2 (delta 0), reused 0 (delta 0)
Unpacking objects: 100% (2/2), done.
From https://bitbucket.org/alextk/public_git_test
   65cdafb..49f3d61  master     -> origin/master
Updating 65cdafb..49f3d61
Fast-forward
 one_file.text => one_file.txt | 0
 1 file changed, 0 insertions(+), 0 deletions(-)
 rename one_file.text => one_file.txt (100%)
alex@alex-kylin-devx:/media/ssd/devx/git/bitbucket.org/alextk/public_git_test$ git push
Everything up-to-date
alex@alex-kylin-devx:/media/ssd/devx/git/bitbucket.org/alextk/public_git_test$ git pull
Already up-to-date.
alex@alex-kylin-devx:/media/ssd/devx/git/bitbucket.org/alextk/public_git_test$


